// Jest Snapshot v1, https://goo.gl/fbAQLP

exports[`components - Text matches snapshot 1`] = `
<Text
  style={
    Array [
      Object {
        "color": "#020202",
      },
    ]
  }
>
  Hello
</Text>
`;
